{
    "Mus musculus - expression table - contrasts + blocking factors": {
        "content": [
            {
                "0": [
                    [
                        {
                            "contrast_id": "treatment_mCherry_hND6",
                            "contrast_variable": "treatment",
                            "contrast_reference": "mCherry",
                            "contrast_target": "hND6",
                            "blocking_factors": "sample_number"
                        },
                        "treatment_mCherry_hND6.dream.results.tsv:md5,37742ab4ac3152e34339ef423ab1a0a3"
                    ]
                ],
                "1": [
                    "versions.yml:md5,fc1f26eb2194018e99fc2916332676b7"
                ],
                "results": [
                    [
                        {
                            "contrast_id": "treatment_mCherry_hND6",
                            "contrast_variable": "treatment",
                            "contrast_reference": "mCherry",
                            "contrast_target": "hND6",
                            "blocking_factors": "sample_number"
                        },
                        "treatment_mCherry_hND6.dream.results.tsv:md5,37742ab4ac3152e34339ef423ab1a0a3"
                    ]
                ],
                "versions": [
                    "versions.yml:md5,fc1f26eb2194018e99fc2916332676b7"
                ]
            }
        ],
        "meta": {
            "nf-test": "0.9.2",
            "nextflow": "24.10.5"
        },
        "timestamp": "2025-03-13T14:19:04.82699322"
    },
    "Mus musculus - expression table - contrasts + blocking factors stub": {
        "content": [
            {
                "0": [
                    [
                        {
                            "contrast_id": "treatment_mCherry_hND6",
                            "contrast_variable": "treatment",
                            "contrast_reference": "mCherry",
                            "contrast_target": "hND6",
                            "blocking_factors": "sample_number"
                        },
                        "treatment_mCherry_hND6.dream.results.tsv:md5,d41d8cd98f00b204e9800998ecf8427e"
                    ]
                ],
                "1": [
                    "versions.yml:md5,03b686ec8c67a91501ebb2b2a5234e77"
                ],
                "results": [
                    [
                        {
                            "contrast_id": "treatment_mCherry_hND6",
                            "contrast_variable": "treatment",
                            "contrast_reference": "mCherry",
                            "contrast_target": "hND6",
                            "blocking_factors": "sample_number"
                        },
                        "treatment_mCherry_hND6.dream.results.tsv:md5,d41d8cd98f00b204e9800998ecf8427e"
                    ]
                ],
                "versions": [
                    "versions.yml:md5,03b686ec8c67a91501ebb2b2a5234e77"
                ]
            }
        ],
        "meta": {
            "nf-test": "0.9.2",
            "nextflow": "24.10.5"
        },
        "timestamp": "2025-03-11T12:33:32.026252466"
    },
    "Mus musculus - expression table - contrasts": {
        "content": [
            {
                "0": [
                    [
                        {
                            "contrast_id": "treatment_mCherry_hND6",
                            "contrast_variable": "treatment",
                            "contrast_reference": "mCherry",
                            "contrast_target": "hND6",
                            "blocking_factors": null
                        },
                        "treatment_mCherry_hND6.dream.results.tsv:md5,c5e1ef96753cc13dc064a14371c8e0a9"
                    ]
                ],
                "1": [
                    "versions.yml:md5,fc1f26eb2194018e99fc2916332676b7"
                ],
                "results": [
                    [
                        {
                            "contrast_id": "treatment_mCherry_hND6",
                            "contrast_variable": "treatment",
                            "contrast_reference": "mCherry",
                            "contrast_target": "hND6",
                            "blocking_factors": null
                        },
                        "treatment_mCherry_hND6.dream.results.tsv:md5,c5e1ef96753cc13dc064a14371c8e0a9"
                    ]
                ],
                "versions": [
                    "versions.yml:md5,fc1f26eb2194018e99fc2916332676b7"
                ]
            }
        ],
        "meta": {
            "nf-test": "0.9.2",
            "nextflow": "24.10.5"
        },
        "timestamp": "2025-03-13T12:29:46.610396105"
    }
}