{
    "progeny": {
        "content": [
            {
                "0": [
                    [
                        {
                            "id": "progeny"
                        },
                        [
                            "consensus_estimate__decoupler.tsv:md5,44953b6d630644f37b18db249625d242",
                            "mlm_estimate__decoupler.tsv:md5,9b7dac003edb0365b4ebcec7f34bb596",
                            "ulm_estimate__decoupler.tsv:md5,184529b96914c3f62518fdedc9b955d3",
                            "wsum_estimate__decoupler.tsv:md5,c3ca1702a2dc5168d42074196167cbe1"
                        ]
                    ]
                ],
                "1": [
                    [
                        {
                            "id": "progeny"
                        },
                        [
                            "consensus_pvals__decoupler.tsv:md5,0dbe30434b90e8c3653e123509d4ead8",
                            "mlm_pvals__decoupler.tsv:md5,24183d3de950603a429bfb7cfb049e45",
                            "ulm_pvals__decoupler.tsv:md5,8937297c31e1739a86029c602a58b426",
                            "wsum_pvals__decoupler.tsv:md5,11c96cc3e9e128b0b1ba000c66ddfa7b"
                        ]
                    ]
                ],
                "2": [
                    "versions.yml:md5,0b46461966f127c5bacbf7aa4c447097"
                ],
                "dc_estimate": [
                    [
                        {
                            "id": "progeny"
                        },
                        [
                            "consensus_estimate__decoupler.tsv:md5,44953b6d630644f37b18db249625d242",
                            "mlm_estimate__decoupler.tsv:md5,9b7dac003edb0365b4ebcec7f34bb596",
                            "ulm_estimate__decoupler.tsv:md5,184529b96914c3f62518fdedc9b955d3",
                            "wsum_estimate__decoupler.tsv:md5,c3ca1702a2dc5168d42074196167cbe1"
                        ]
                    ]
                ],
                "dc_pvals": [
                    [
                        {
                            "id": "progeny"
                        },
                        [
                            "consensus_pvals__decoupler.tsv:md5,0dbe30434b90e8c3653e123509d4ead8",
                            "mlm_pvals__decoupler.tsv:md5,24183d3de950603a429bfb7cfb049e45",
                            "ulm_pvals__decoupler.tsv:md5,8937297c31e1739a86029c602a58b426",
                            "wsum_pvals__decoupler.tsv:md5,11c96cc3e9e128b0b1ba000c66ddfa7b"
                        ]
                    ]
                ],
                "versions": [
                    "versions.yml:md5,0b46461966f127c5bacbf7aa4c447097"
                ]
            }
        ],
        "meta": {
            "nf-test": "0.9.2",
            "nextflow": "24.10.5"
        },
        "timestamp": "2025-03-16T22:46:06.40580042"
    },
    "decoupler stub": {
        "content": [
            {
                "0": [
                    [
                        {
                            "id": "test"
                        },
                        "mlm_estimate__decoupler.tsv:md5,d41d8cd98f00b204e9800998ecf8427e"
                    ]
                ],
                "1": [
                    [
                        {
                            "id": "test"
                        },
                        "mlm_pvals__decoupler.tsv:md5,d41d8cd98f00b204e9800998ecf8427e"
                    ]
                ],
                "2": [
                    "versions.yml:md5,d41d8cd98f00b204e9800998ecf8427e"
                ],
                "dc_estimate": [
                    [
                        {
                            "id": "test"
                        },
                        "mlm_estimate__decoupler.tsv:md5,d41d8cd98f00b204e9800998ecf8427e"
                    ]
                ],
                "dc_pvals": [
                    [
                        {
                            "id": "test"
                        },
                        "mlm_pvals__decoupler.tsv:md5,d41d8cd98f00b204e9800998ecf8427e"
                    ]
                ],
                "versions": [
                    "versions.yml:md5,d41d8cd98f00b204e9800998ecf8427e"
                ]
            }
        ],
        "meta": {
            "nf-test": "0.9.2",
            "nextflow": "24.10.5"
        },
        "timestamp": "2025-03-17T13:51:24.782790773"
    },
    "decoupler_test": {
        "content": [
            {
                "0": [
                    [
                        {
                            "id": "test"
                        },
                        [
                            "consensus_estimate__decoupler.tsv:md5,f762d3282a81c61b127e97d044e9ddd7",
                            "mlm_estimate__decoupler.tsv:md5,ce7ce3c710fe188035b6706512ffbf54",
                            "ulm_estimate__decoupler.tsv:md5,14773953134037a208fe3c95c893acae",
                            "wsum_estimate__decoupler.tsv:md5,2488716cfe85c1306cb76cf117808d97"
                        ]
                    ]
                ],
                "1": [
                    [
                        {
                            "id": "test"
                        },
                        [
                            "consensus_pvals__decoupler.tsv:md5,35850081a4308deba35d171a266bedd0",
                            "mlm_pvals__decoupler.tsv:md5,016a15c3dcf688fcdf3ccbd40e06d64f",
                            "ulm_pvals__decoupler.tsv:md5,531a3ed641bf3c1b0b105cfaee5864cd",
                            "wsum_pvals__decoupler.tsv:md5,fac9e18b9495ca8a9ae92a015eed3043"
                        ]
                    ]
                ],
                "2": [
                    "versions.yml:md5,0b46461966f127c5bacbf7aa4c447097"
                ],
                "dc_estimate": [
                    [
                        {
                            "id": "test"
                        },
                        [
                            "consensus_estimate__decoupler.tsv:md5,f762d3282a81c61b127e97d044e9ddd7",
                            "mlm_estimate__decoupler.tsv:md5,ce7ce3c710fe188035b6706512ffbf54",
                            "ulm_estimate__decoupler.tsv:md5,14773953134037a208fe3c95c893acae",
                            "wsum_estimate__decoupler.tsv:md5,2488716cfe85c1306cb76cf117808d97"
                        ]
                    ]
                ],
                "dc_pvals": [
                    [
                        {
                            "id": "test"
                        },
                        [
                            "consensus_pvals__decoupler.tsv:md5,35850081a4308deba35d171a266bedd0",
                            "mlm_pvals__decoupler.tsv:md5,016a15c3dcf688fcdf3ccbd40e06d64f",
                            "ulm_pvals__decoupler.tsv:md5,531a3ed641bf3c1b0b105cfaee5864cd",
                            "wsum_pvals__decoupler.tsv:md5,fac9e18b9495ca8a9ae92a015eed3043"
                        ]
                    ]
                ],
                "versions": [
                    "versions.yml:md5,0b46461966f127c5bacbf7aa4c447097"
                ]
            }
        ],
        "meta": {
            "nf-test": "0.9.2",
            "nextflow": "24.10.5"
        },
        "timestamp": "2025-03-16T22:43:18.532694254"
    }
}