{
    "Mus musculus - expression table - contrasts + blocking factors": {
        "content": [
            {
                "0": [
                    [
                        {
                            "id": "test-bf",
                            "contrast_id": "treatment_mCherry_hND6",
                            "contrast_variable": "treatment",
                            "contrast_reference": "mCherry",
                            "contrast_target": "hND6",
                            "blocking_factors": [
                                "sample_number"
                            ]
                        },
                        "treatment_mCherry_hND6.dream.results.tsv:md5,bd28cb586bb40ad9f0b7069cb3ada0a2"
                    ]
                ],
                "1": [
                    [
                        {
                            "id": "test-bf",
                            "contrast_id": "treatment_mCherry_hND6",
                            "contrast_variable": "treatment",
                            "contrast_reference": "mCherry",
                            "contrast_target": "hND6",
                            "blocking_factors": [
                                "sample_number"
                            ]
                        },
                        "treatment_mCherry_hND6.dream.mean_difference.png:md5,0d1c235cca14dcf75af4ef6cb66247ae"
                    ]
                ],
                "2": [
                    [
                        {
                            "id": "test-bf",
                            "contrast_id": "treatment_mCherry_hND6",
                            "contrast_variable": "treatment",
                            "contrast_reference": "mCherry",
                            "contrast_target": "hND6",
                            "blocking_factors": [
                                "sample_number"
                            ]
                        },
                        "treatment_mCherry_hND6.MArrayMM.dream.rds:md5,7003d9bf41a8f4e9ba77be5fb733c2b7"
                    ]
                ],
                "3": [
                    [
                        {
                            "id": "test-bf",
                            "contrast_id": "treatment_mCherry_hND6",
                            "contrast_variable": "treatment",
                            "contrast_reference": "mCherry",
                            "contrast_target": "hND6",
                            "blocking_factors": [
                                "sample_number"
                            ]
                        },
                        "treatment_mCherry_hND6.dream.model.txt:md5,17788b137dd6c2b2a8ed887aa7404f8d"
                    ]
                ],
                "4": [
                    [
                        {
                            "id": "test-bf",
                            "contrast_id": "treatment_mCherry_hND6",
                            "contrast_variable": "treatment",
                            "contrast_reference": "mCherry",
                            "contrast_target": "hND6",
                            "blocking_factors": [
                                "sample_number"
                            ]
                        },
                        "treatment_mCherry_hND6.dream.contrasts_plot.png:md5,1fab14c3a7fb300bc6d8e693ef75cf27"
                    ]
                ],
                "5": [
                    [
                        {
                            "id": "test-bf",
                            "contrast_id": "treatment_mCherry_hND6",
                            "contrast_variable": "treatment",
                            "contrast_reference": "mCherry",
                            "contrast_target": "hND6",
                            "blocking_factors": [
                                "sample_number"
                            ]
                        },
                        "treatment_mCherry_hND6.dream.var_plot.png:md5,d2b36eb27f2437140e97e47cf9fa243c"
                    ]
                ],
                "6": [
                    [
                        {
                            "id": "test-bf",
                            "contrast_id": "treatment_mCherry_hND6",
                            "contrast_variable": "treatment",
                            "contrast_reference": "mCherry",
                            "contrast_target": "hND6",
                            "blocking_factors": [
                                "sample_number"
                            ]
                        },
                        "treatment_mCherry_hND6.R_sessionInfo.log:md5,e591353ef3f5d63a74889d57f7ce37c6"
                    ]
                ],
                "7": [
                    
                ],
                "8": [
                    "versions.yml:md5,56f3e82916abb64aa39ae9d008d71978"
                ],
                "contrasts_png": [
                    [
                        {
                            "id": "test-bf",
                            "contrast_id": "treatment_mCherry_hND6",
                            "contrast_variable": "treatment",
                            "contrast_reference": "mCherry",
                            "contrast_target": "hND6",
                            "blocking_factors": [
                                "sample_number"
                            ]
                        },
                        "treatment_mCherry_hND6.dream.contrasts_plot.png:md5,1fab14c3a7fb300bc6d8e693ef75cf27"
                    ]
                ],
                "md_plot": [
                    [
                        {
                            "id": "test-bf",
                            "contrast_id": "treatment_mCherry_hND6",
                            "contrast_variable": "treatment",
                            "contrast_reference": "mCherry",
                            "contrast_target": "hND6",
                            "blocking_factors": [
                                "sample_number"
                            ]
                        },
                        "treatment_mCherry_hND6.dream.mean_difference.png:md5,0d1c235cca14dcf75af4ef6cb66247ae"
                    ]
                ],
                "model": [
                    [
                        {
                            "id": "test-bf",
                            "contrast_id": "treatment_mCherry_hND6",
                            "contrast_variable": "treatment",
                            "contrast_reference": "mCherry",
                            "contrast_target": "hND6",
                            "blocking_factors": [
                                "sample_number"
                            ]
                        },
                        "treatment_mCherry_hND6.dream.model.txt:md5,17788b137dd6c2b2a8ed887aa7404f8d"
                    ]
                ],
                "normalised_counts": [
                    
                ],
                "rdata": [
                    [
                        {
                            "id": "test-bf",
                            "contrast_id": "treatment_mCherry_hND6",
                            "contrast_variable": "treatment",
                            "contrast_reference": "mCherry",
                            "contrast_target": "hND6",
                            "blocking_factors": [
                                "sample_number"
                            ]
                        },
                        "treatment_mCherry_hND6.MArrayMM.dream.rds:md5,7003d9bf41a8f4e9ba77be5fb733c2b7"
                    ]
                ],
                "results": [
                    [
                        {
                            "id": "test-bf",
                            "contrast_id": "treatment_mCherry_hND6",
                            "contrast_variable": "treatment",
                            "contrast_reference": "mCherry",
                            "contrast_target": "hND6",
                            "blocking_factors": [
                                "sample_number"
                            ]
                        },
                        "treatment_mCherry_hND6.dream.results.tsv:md5,bd28cb586bb40ad9f0b7069cb3ada0a2"
                    ]
                ],
                "session_info": [
                    [
                        {
                            "id": "test-bf",
                            "contrast_id": "treatment_mCherry_hND6",
                            "contrast_variable": "treatment",
                            "contrast_reference": "mCherry",
                            "contrast_target": "hND6",
                            "blocking_factors": [
                                "sample_number"
                            ]
                        },
                        "treatment_mCherry_hND6.R_sessionInfo.log:md5,e591353ef3f5d63a74889d57f7ce37c6"
                    ]
                ],
                "var_png": [
                    [
                        {
                            "id": "test-bf",
                            "contrast_id": "treatment_mCherry_hND6",
                            "contrast_variable": "treatment",
                            "contrast_reference": "mCherry",
                            "contrast_target": "hND6",
                            "blocking_factors": [
                                "sample_number"
                            ]
                        },
                        "treatment_mCherry_hND6.dream.var_plot.png:md5,d2b36eb27f2437140e97e47cf9fa243c"
                    ]
                ],
                "versions": [
                    "versions.yml:md5,56f3e82916abb64aa39ae9d008d71978"
                ]
            }
        ],
        "meta": {
            "nf-test": "0.9.2",
            "nextflow": "24.10.3"
        },
        "timestamp": "2024-12-31T22:35:42.737618467"
    },
    "Mus musculus - expression table - contrasts + blocking factors stub": {
        "content": [
            {
                "0": [
                    [
                        {
                            "id": "test-stub",
                            "contrast_id": "treatment_mCherry_hND6",
                            "contrast_variable": "treatment",
                            "contrast_reference": "mCherry",
                            "contrast_target": "hND6",
                            "blocking_factors": [
                                "sample_number"
                            ]
                        },
                        "treatment_mCherry_hND6.dream.results.tsv:md5,d41d8cd98f00b204e9800998ecf8427e"
                    ]
                ],
                "1": [
                    [
                        {
                            "id": "test-stub",
                            "contrast_id": "treatment_mCherry_hND6",
                            "contrast_variable": "treatment",
                            "contrast_reference": "mCherry",
                            "contrast_target": "hND6",
                            "blocking_factors": [
                                "sample_number"
                            ]
                        },
                        "treatment_mCherry_hND6.dream.mean_difference.png:md5,d41d8cd98f00b204e9800998ecf8427e"
                    ]
                ],
                "2": [
                    [
                        {
                            "id": "test-stub",
                            "contrast_id": "treatment_mCherry_hND6",
                            "contrast_variable": "treatment",
                            "contrast_reference": "mCherry",
                            "contrast_target": "hND6",
                            "blocking_factors": [
                                "sample_number"
                            ]
                        },
                        "treatment_mCherry_hND6.MArrayMM.dream.rds:md5,d41d8cd98f00b204e9800998ecf8427e"
                    ]
                ],
                "3": [
                    [
                        {
                            "id": "test-stub",
                            "contrast_id": "treatment_mCherry_hND6",
                            "contrast_variable": "treatment",
                            "contrast_reference": "mCherry",
                            "contrast_target": "hND6",
                            "blocking_factors": [
                                "sample_number"
                            ]
                        },
                        "treatment_mCherry_hND6.dream.model.txt:md5,d41d8cd98f00b204e9800998ecf8427e"
                    ]
                ],
                "4": [
                    [
                        {
                            "id": "test-stub",
                            "contrast_id": "treatment_mCherry_hND6",
                            "contrast_variable": "treatment",
                            "contrast_reference": "mCherry",
                            "contrast_target": "hND6",
                            "blocking_factors": [
                                "sample_number"
                            ]
                        },
                        "treatment_mCherry_hND6.dream.contrasts_plot.png:md5,d41d8cd98f00b204e9800998ecf8427e"
                    ]
                ],
                "5": [
                    [
                        {
                            "id": "test-stub",
                            "contrast_id": "treatment_mCherry_hND6",
                            "contrast_variable": "treatment",
                            "contrast_reference": "mCherry",
                            "contrast_target": "hND6",
                            "blocking_factors": [
                                "sample_number"
                            ]
                        },
                        "treatment_mCherry_hND6.dream.var_plot.png:md5,d41d8cd98f00b204e9800998ecf8427e"
                    ]
                ],
                "6": [
                    [
                        {
                            "id": "test-stub",
                            "contrast_id": "treatment_mCherry_hND6",
                            "contrast_variable": "treatment",
                            "contrast_reference": "mCherry",
                            "contrast_target": "hND6",
                            "blocking_factors": [
                                "sample_number"
                            ]
                        },
                        "treatment_mCherry_hND6.R_sessionInfo.log:md5,d41d8cd98f00b204e9800998ecf8427e"
                    ]
                ],
                "7": [
                    
                ],
                "8": [
                    "versions.yml:md5,8338b523d0f508917db713c8a0cb7fdf"
                ],
                "contrasts_png": [
                    [
                        {
                            "id": "test-stub",
                            "contrast_id": "treatment_mCherry_hND6",
                            "contrast_variable": "treatment",
                            "contrast_reference": "mCherry",
                            "contrast_target": "hND6",
                            "blocking_factors": [
                                "sample_number"
                            ]
                        },
                        "treatment_mCherry_hND6.dream.contrasts_plot.png:md5,d41d8cd98f00b204e9800998ecf8427e"
                    ]
                ],
                "md_plot": [
                    [
                        {
                            "id": "test-stub",
                            "contrast_id": "treatment_mCherry_hND6",
                            "contrast_variable": "treatment",
                            "contrast_reference": "mCherry",
                            "contrast_target": "hND6",
                            "blocking_factors": [
                                "sample_number"
                            ]
                        },
                        "treatment_mCherry_hND6.dream.mean_difference.png:md5,d41d8cd98f00b204e9800998ecf8427e"
                    ]
                ],
                "model": [
                    [
                        {
                            "id": "test-stub",
                            "contrast_id": "treatment_mCherry_hND6",
                            "contrast_variable": "treatment",
                            "contrast_reference": "mCherry",
                            "contrast_target": "hND6",
                            "blocking_factors": [
                                "sample_number"
                            ]
                        },
                        "treatment_mCherry_hND6.dream.model.txt:md5,d41d8cd98f00b204e9800998ecf8427e"
                    ]
                ],
                "normalised_counts": [
                    
                ],
                "rdata": [
                    [
                        {
                            "id": "test-stub",
                            "contrast_id": "treatment_mCherry_hND6",
                            "contrast_variable": "treatment",
                            "contrast_reference": "mCherry",
                            "contrast_target": "hND6",
                            "blocking_factors": [
                                "sample_number"
                            ]
                        },
                        "treatment_mCherry_hND6.MArrayMM.dream.rds:md5,d41d8cd98f00b204e9800998ecf8427e"
                    ]
                ],
                "results": [
                    [
                        {
                            "id": "test-stub",
                            "contrast_id": "treatment_mCherry_hND6",
                            "contrast_variable": "treatment",
                            "contrast_reference": "mCherry",
                            "contrast_target": "hND6",
                            "blocking_factors": [
                                "sample_number"
                            ]
                        },
                        "treatment_mCherry_hND6.dream.results.tsv:md5,d41d8cd98f00b204e9800998ecf8427e"
                    ]
                ],
                "session_info": [
                    [
                        {
                            "id": "test-stub",
                            "contrast_id": "treatment_mCherry_hND6",
                            "contrast_variable": "treatment",
                            "contrast_reference": "mCherry",
                            "contrast_target": "hND6",
                            "blocking_factors": [
                                "sample_number"
                            ]
                        },
                        "treatment_mCherry_hND6.R_sessionInfo.log:md5,d41d8cd98f00b204e9800998ecf8427e"
                    ]
                ],
                "var_png": [
                    [
                        {
                            "id": "test-stub",
                            "contrast_id": "treatment_mCherry_hND6",
                            "contrast_variable": "treatment",
                            "contrast_reference": "mCherry",
                            "contrast_target": "hND6",
                            "blocking_factors": [
                                "sample_number"
                            ]
                        },
                        "treatment_mCherry_hND6.dream.var_plot.png:md5,d41d8cd98f00b204e9800998ecf8427e"
                    ]
                ],
                "versions": [
                    "versions.yml:md5,8338b523d0f508917db713c8a0cb7fdf"
                ]
            }
        ],
        "meta": {
            "nf-test": "0.9.2",
            "nextflow": "24.10.3"
        },
        "timestamp": "2024-12-31T22:35:59.811030788"
    },
    "Mus musculus - expression table - contrasts": {
        "content": [
            {
                "0": [
                    [
                        {
                            "id": "test",
                            "contrast_id": "treatment_mCherry_hND6",
                            "contrast_variable": "treatment",
                            "contrast_reference": "mCherry",
                            "contrast_target": "hND6",
                            "blocking_factors": null
                        },
                        "treatment_mCherry_hND6.dream.results.tsv:md5,bd28cb586bb40ad9f0b7069cb3ada0a2"
                    ]
                ],
                "1": [
                    [
                        {
                            "id": "test",
                            "contrast_id": "treatment_mCherry_hND6",
                            "contrast_variable": "treatment",
                            "contrast_reference": "mCherry",
                            "contrast_target": "hND6",
                            "blocking_factors": null
                        },
                        "treatment_mCherry_hND6.dream.mean_difference.png:md5,0d1c235cca14dcf75af4ef6cb66247ae"
                    ]
                ],
                "2": [
                    [
                        {
                            "id": "test",
                            "contrast_id": "treatment_mCherry_hND6",
                            "contrast_variable": "treatment",
                            "contrast_reference": "mCherry",
                            "contrast_target": "hND6",
                            "blocking_factors": null
                        },
                        "treatment_mCherry_hND6.MArrayMM.dream.rds:md5,7003d9bf41a8f4e9ba77be5fb733c2b7"
                    ]
                ],
                "3": [
                    [
                        {
                            "id": "test",
                            "contrast_id": "treatment_mCherry_hND6",
                            "contrast_variable": "treatment",
                            "contrast_reference": "mCherry",
                            "contrast_target": "hND6",
                            "blocking_factors": null
                        },
                        "treatment_mCherry_hND6.dream.model.txt:md5,17788b137dd6c2b2a8ed887aa7404f8d"
                    ]
                ],
                "4": [
                    [
                        {
                            "id": "test",
                            "contrast_id": "treatment_mCherry_hND6",
                            "contrast_variable": "treatment",
                            "contrast_reference": "mCherry",
                            "contrast_target": "hND6",
                            "blocking_factors": null
                        },
                        "treatment_mCherry_hND6.dream.contrasts_plot.png:md5,1fab14c3a7fb300bc6d8e693ef75cf27"
                    ]
                ],
                "5": [
                    [
                        {
                            "id": "test",
                            "contrast_id": "treatment_mCherry_hND6",
                            "contrast_variable": "treatment",
                            "contrast_reference": "mCherry",
                            "contrast_target": "hND6",
                            "blocking_factors": null
                        },
                        "treatment_mCherry_hND6.dream.var_plot.png:md5,d2b36eb27f2437140e97e47cf9fa243c"
                    ]
                ],
                "6": [
                    [
                        {
                            "id": "test",
                            "contrast_id": "treatment_mCherry_hND6",
                            "contrast_variable": "treatment",
                            "contrast_reference": "mCherry",
                            "contrast_target": "hND6",
                            "blocking_factors": null
                        },
                        "treatment_mCherry_hND6.R_sessionInfo.log:md5,e591353ef3f5d63a74889d57f7ce37c6"
                    ]
                ],
                "7": [
                    
                ],
                "8": [
                    "versions.yml:md5,56f3e82916abb64aa39ae9d008d71978"
                ],
                "contrasts_png": [
                    [
                        {
                            "id": "test",
                            "contrast_id": "treatment_mCherry_hND6",
                            "contrast_variable": "treatment",
                            "contrast_reference": "mCherry",
                            "contrast_target": "hND6",
                            "blocking_factors": null
                        },
                        "treatment_mCherry_hND6.dream.contrasts_plot.png:md5,1fab14c3a7fb300bc6d8e693ef75cf27"
                    ]
                ],
                "md_plot": [
                    [
                        {
                            "id": "test",
                            "contrast_id": "treatment_mCherry_hND6",
                            "contrast_variable": "treatment",
                            "contrast_reference": "mCherry",
                            "contrast_target": "hND6",
                            "blocking_factors": null
                        },
                        "treatment_mCherry_hND6.dream.mean_difference.png:md5,0d1c235cca14dcf75af4ef6cb66247ae"
                    ]
                ],
                "model": [
                    [
                        {
                            "id": "test",
                            "contrast_id": "treatment_mCherry_hND6",
                            "contrast_variable": "treatment",
                            "contrast_reference": "mCherry",
                            "contrast_target": "hND6",
                            "blocking_factors": null
                        },
                        "treatment_mCherry_hND6.dream.model.txt:md5,17788b137dd6c2b2a8ed887aa7404f8d"
                    ]
                ],
                "normalised_counts": [
                    
                ],
                "rdata": [
                    [
                        {
                            "id": "test",
                            "contrast_id": "treatment_mCherry_hND6",
                            "contrast_variable": "treatment",
                            "contrast_reference": "mCherry",
                            "contrast_target": "hND6",
                            "blocking_factors": null
                        },
                        "treatment_mCherry_hND6.MArrayMM.dream.rds:md5,7003d9bf41a8f4e9ba77be5fb733c2b7"
                    ]
                ],
                "results": [
                    [
                        {
                            "id": "test",
                            "contrast_id": "treatment_mCherry_hND6",
                            "contrast_variable": "treatment",
                            "contrast_reference": "mCherry",
                            "contrast_target": "hND6",
                            "blocking_factors": null
                        },
                        "treatment_mCherry_hND6.dream.results.tsv:md5,bd28cb586bb40ad9f0b7069cb3ada0a2"
                    ]
                ],
                "session_info": [
                    [
                        {
                            "id": "test",
                            "contrast_id": "treatment_mCherry_hND6",
                            "contrast_variable": "treatment",
                            "contrast_reference": "mCherry",
                            "contrast_target": "hND6",
                            "blocking_factors": null
                        },
                        "treatment_mCherry_hND6.R_sessionInfo.log:md5,e591353ef3f5d63a74889d57f7ce37c6"
                    ]
                ],
                "var_png": [
                    [
                        {
                            "id": "test",
                            "contrast_id": "treatment_mCherry_hND6",
                            "contrast_variable": "treatment",
                            "contrast_reference": "mCherry",
                            "contrast_target": "hND6",
                            "blocking_factors": null
                        },
                        "treatment_mCherry_hND6.dream.var_plot.png:md5,d2b36eb27f2437140e97e47cf9fa243c"
                    ]
                ],
                "versions": [
                    "versions.yml:md5,56f3e82916abb64aa39ae9d008d71978"
                ]
            }
        ],
        "meta": {
            "nf-test": "0.9.2",
            "nextflow": "24.10.3"
        },
        "timestamp": "2024-12-31T22:35:16.708141029"
    }
}