{
    "decoupler_progeny_test": {
        "content": [
            "progeny_mlm_estimate_decoupler.tsv",
            "progeny_mlm_pvals_decoupler.tsv",
            "acts_decoupler.tsv",
            "umapTrail_louvain_umap.png",
            "violinTrail_violin.png",
            "matrixplot_decoupler.png",
            [
                "versions.yml:md5,1f1551db219b78d1db7614bfa9e178d4"
            ]
        ],
        "meta": {
            "nf-test": "0.9.2",
            "nextflow": "24.10.3"
        },
        "timestamp": "2024-12-26T15:19:28.286507743"
    }
}